rtapp id 1 cnt 1
rtapp id 1 cnt 0
rtapp id 0 cnt 1
rtapp id 2 cnt 1
rtapp id 0 cnt 0
rtapp id 2 cnt 0
