rtapp id 0 cnt 9
rtapp id 1 cnt 9
rtapp id 0 cnt 8
rtapp id 1 cnt 8
rtapp id 0 cnt 7
rtapp id 1 cnt 7
rtapp id 0 cnt 6
rtapp id 1 cnt 6
rtapp id 0 cnt 5
rtapp id 1 cnt 5
rtapp id 0 cnt 4
rtapp id 1 cnt 4
rtapp id 0 cnt 3
rtapp id 1 cnt 3
rtapp id 0 cnt 2
rtapp id 1 cnt 2
rtapp id 0 cnt 1
rtapp id 1 cnt 1
rtapp id 0 cnt 0
rtapp id 1 cnt 0
